BL51 BANKED LINKER/LOCATER V6.22.4.0                                                    12/21/2023  13:42:48  PAGE 1


BL51 BANKED LINKER/LOCATER V6.22.4.0, INVOKED BY:
C:\KEIL_V5\C51\BIN\BL51.EXE .\Objects\STARTUP.obj, .\Objects\Main.obj, .\Objects\GLCD.obj, .\Objects\uart.obj, .\Objects
>> \RGsm_At.obj, .\Objects\RDataFlash.obj, .\Objects\RTimer0.obj TO .\Objects\GLCD_test_qr PRINT (.\Listings\GLCD_test_q
>> r.m51) RAMSIZE (256)


MEMORY MODEL: LARGE


INPUT MODULES INCLUDED:
  .\Objects\STARTUP.obj (?C_STARTUP)
  .\Objects\Main.obj (MAIN)
  .\Objects\GLCD.obj (GLCD)
  .\Objects\uart.obj (UART)
  .\Objects\RGsm_At.obj (RGSM_AT)
  .\Objects\RDataFlash.obj (RDATAFLASH)
  .\Objects\RTimer0.obj (RTIMER0)
  C:\KEIL_V5\C51\LIB\C51L.LIB (?C_INIT)
  C:\KEIL_V5\C51\LIB\C51L.LIB (?C?CLDPTR)
  C:\KEIL_V5\C51\LIB\C51L.LIB (?C?CLDOPTR)
  C:\KEIL_V5\C51\LIB\C51L.LIB (?C?IMUL)
  C:\KEIL_V5\C51\LIB\C51L.LIB (?C?UIDIV)
  C:\KEIL_V5\C51\LIB\C51L.LIB (?C?ULDIV)
  C:\KEIL_V5\C51\LIB\C51L.LIB (?C?SLCMP)
  C:\KEIL_V5\C51\LIB\C51L.LIB (?C?ULSHR)
  C:\KEIL_V5\C51\LIB\C51L.LIB (?C?LSTXDATA)
  C:\KEIL_V5\C51\LIB\C51L.LIB (?C?LSTKXDATA)
  C:\KEIL_V5\C51\LIB\C51L.LIB (SCANF)
  C:\KEIL_V5\C51\LIB\C51L.LIB (?C?STRCPY)
  C:\KEIL_V5\C51\LIB\C51L.LIB (STRSTR)
  C:\KEIL_V5\C51\LIB\C51L.LIB (?C?MEMSET)
  C:\KEIL_V5\C51\LIB\C51L.LIB (VSPRINTF)
  C:\KEIL_V5\C51\LIB\C51L.LIB (?C?CSTPTR)
  C:\KEIL_V5\C51\LIB\C51L.LIB (?C?IILDX)
  C:\KEIL_V5\C51\LIB\C51L.LIB (?C?ISTPTR)
  C:\KEIL_V5\C51\LIB\C51L.LIB (?C?LNEG)
  C:\KEIL_V5\C51\LIB\C51L.LIB (?C?LSTPTR)
  C:\KEIL_V5\C51\LIB\C51L.LIB (?C?PLDXDATA)
  C:\KEIL_V5\C51\LIB\C51L.LIB (?C?PLDIXDATA)
  C:\KEIL_V5\C51\LIB\C51L.LIB (?C?PILDXDATA)
  C:\KEIL_V5\C51\LIB\C51L.LIB (?C?PSTXDATA)
  C:\KEIL_V5\C51\LIB\C51L.LIB (?C?CCASE)
  C:\KEIL_V5\C51\LIB\C51L.LIB (PRINTF)
  C:\KEIL_V5\C51\LIB\C51L.LIB (GETCHAR)
  C:\KEIL_V5\C51\LIB\C51L.LIB (UNGETC)
  C:\KEIL_V5\C51\LIB\C51L.LIB (ISSPACE)
  C:\KEIL_V5\C51\LIB\C51L.LIB (?C?LSTIDATA)
  C:\KEIL_V5\C51\LIB\C51L.LIB (?C?LSTPDATA)
  C:\KEIL_V5\C51\LIB\C51L.LIB (PUTCHAR)
  C:\KEIL_V5\C51\LIB\C51L.LIB (_GETKEY)


LINK MAP OF MODULE:  .\Objects\GLCD_test_qr (?C_STARTUP)


            TYPE    BASE      LENGTH    RELOCATION   SEGMENT NAME
            -----------------------------------------------------

BL51 BANKED LINKER/LOCATER V6.22.4.0                                                  12/21/2023  13:42:48  PAGE 2


            * * * * * * *   D A T A   M E M O R Y   * * * * * * *
            REG     0000H     0008H     ABSOLUTE     "REG BANK 0"
            DATA    0008H     0005H     UNIT         ?DT?SCANF?SCANF
            DATA    000DH     0005H     UNIT         ?DT?PRINTF?PRINTF
                    0012H     000EH                  *** GAP ***
            BIT     0020H.0   0001H.1   UNIT         ?BI?PRINTF?PRINTF
            BIT     0021H.1   0000H.6   UNIT         ?BI?SCANF?SCANF
            BIT     0021H.7   0000H.2   UNIT         ?BI?RGSM_AT
            BIT     0022H.1   0000H.1   UNIT         ?BI?RDATAFLASH
            BIT     0022H.2   0000H.1   UNIT         ?BI?GETCHAR
                    0022H.3   0000H.5                *** GAP ***
            IDATA   0023H     0001H     UNIT         ?STACK

            * * * * * * *  X D A T A   M E M O R Y  * * * * * * *
            XDATA   0000H     0401H     UNIT         ?XD?GLCD
            XDATA   0401H     00CDH     UNIT         ?XD?RGSM_AT
            XDATA   04CEH     00A7H     UNIT         ?XD?UART
            XDATA   0575H     002EH     UNIT         ?XD?_DEBUGPRINTF?RGSM_AT
            XDATA   05A3H     002EH     UNIT         ?XD?SCANF?SCANF
            XDATA   05D1H     0028H     UNIT         ?XD?PRINTF?PRINTF
            XDATA   05F9H     0023H     UNIT         _XDATA_GROUP_
            XDATA   061CH     000CH     UNIT         ?XD?_STRSTR?STRSTR
            XDATA   0628H     0007H     UNIT         ?XD?RTIMER0
            XDATA   062FH     0006H     UNIT         ?XD?_NW_RESPONCE_HANDLER?RGSM_AT
            XDATA   0635H     0006H     UNIT         ?XD?_VSPRINTF?VSPRINTF
            XDATA   063BH     0002H     UNIT         ?XD?_WRITEFLASHQR?RDATAFLASH
            XDATA   063DH     0001H     UNIT         ?XD?RDATAFLASH
            XDATA   063EH     0001H     UNIT         ?XD?GETCHAR

            * * * * * * *   C O D E   M E M O R Y   * * * * * * *
            CODE    0000H     0003H     ABSOLUTE     
            CODE    0003H     0008H     UNIT         ?PR?_READ_DATA_BYTE?RDATAFLASH
            CODE    000BH     0003H     ABSOLUTE     
            CODE    000EH     0014H     UNIT         ?PR?GETCHAR?GETCHAR
                    0022H     0001H                  *** GAP ***
            CODE    0023H     0003H     ABSOLUTE     
            CODE    0026H     0E78H     UNIT         ?CO?MAIN
            CODE    0E9EH     03E3H     UNIT         ?C?LIB_CODE
            CODE    1281H     0365H     UNIT         ?PR?PRINTF?PRINTF
            CODE    15E6H     0322H     UNIT         ?PR?SCANF?SCANF
            CODE    1908H     023BH     UNIT         ?PR?_UART_OPEN?UART
            CODE    1B43H     020AH     UNIT         ?PR?CHECKURC?RGSM_AT
            CODE    1D4DH     01E7H     UNIT         ?PR?SERIAL_ISR?UART
            CODE    1F34H     013DH     UNIT         ?PR?MAIN?MAIN
            CODE    2071H     0113H     UNIT         ?PR?TIMER0_ISR?RTIMER0
            CODE    2184H     00F5H     UNIT         ?CO?RGSM_AT
            CODE    2279H     00E7H     UNIT         ?PR?_GLCD_IMAGE?GLCD
            CODE    2360H     00D5H     UNIT         ?PR?_NW_RESPONCE_HANDLER?RGSM_AT
            CODE    2435H     00BFH     UNIT         ?PR?_STRSTR?STRSTR
            CODE    24F4H     0090H     UNIT         ?PR?READFLASH?RDATAFLASH
            CODE    2584H     008CH     UNIT         ?C_C51STARTUP
            CODE    2610H     0079H     UNIT         ?PR?_UART_INTERRUPT_ENABLE?UART
            CODE    2689H     0077H     UNIT         ?PR?_WRITE_DATA_BYTE?RDATAFLASH
            CODE    2700H     0060H     UNIT         ?PR?_DEBUGPRINTF?RGSM_AT
            CODE    2760H     005FH     UNIT         ?PR?_UART_SEND_DATA?UART
            CODE    27BFH     005AH     UNIT         ?PR?GLCD_CLEARALL?GLCD
            CODE    2819H     0050H     UNIT         ?PR?_UART_RECEIVE_DATA?UART
BL51 BANKED LINKER/LOCATER V6.22.4.0                                                  12/21/2023  13:42:48  PAGE 3


            CODE    2869H     004FH     UNIT         ?PR?_WRITEFLASHQR?RDATAFLASH
            CODE    28B8H     004DH     UNIT         ?PR?LOADINGSCREEN?GLCD
            CODE    2905H     004CH     UNIT         ?PR?_PAGE_ERASE?RDATAFLASH
            CODE    2951H     004AH     UNIT         ?PR?_VSPRINTF?VSPRINTF
            CODE    299BH     0049H     UNIT         ?PR?_UART_SEND_STRING?UART
            CODE    29E4H     0046H     UNIT         ?C_INITSEG
            CODE    2A2AH     0046H     UNIT         ?PR?WRITE_FLASH?RDATAFLASH
            CODE    2A70H     003FH     UNIT         ?PR?CHAIRANIMATION?GLCD
            CODE    2AAFH     003CH     UNIT         ?PR?_GLCD_DATA?GLCD
            CODE    2AEBH     0038H     UNIT         ?PR?GLCD_INIT?GLCD
            CODE    2B23H     002EH     UNIT         ?PR?_GLCD_SETCURSOR?GLCD
            CODE    2B51H     0029H     UNIT         ?PR?CLEARUART?RGSM_AT
            CODE    2B7AH     0029H     UNIT         ?PR?_TIMER0_INIT?RTIMER0
            CODE    2BA3H     0027H     UNIT         ?PR?PUTCHAR?PUTCHAR
            CODE    2BCAH     0021H     UNIT         ?PR?UART0_LIRC_BAUDRATE2400_OPEN?UART
            CODE    2BEBH     0020H     UNIT         ?PR?_DELAY_1MS?GLCD
            CODE    2C0BH     001FH     UNIT         ?PR?QRSCREEN?GLCD
            CODE    2C2AH     001BH     UNIT         ?PR?_GLCD_COMMAND?GLCD
            CODE    2C45H     0014H     UNIT         ?PR?_ISSPACE?ISSPACE
            CODE    2C59H     000EH     UNIT         ?PR?_CONVERTTOUINT16?RDATAFLASH
            CODE    2C67H     000AH     UNIT         ?PR?DEFAULT_SETTINGS?RDATAFLASH
            CODE    2C71H     000AH     UNIT         ?PR?_GETKEY?_GETKEY
            CODE    2C7BH     0008H     UNIT         ?PR?GETCHAR?UNGETCHAR



OVERLAY MAP OF MODULE:   .\Objects\GLCD_test_qr (?C_STARTUP)


SEGMENT                                         XDATA_GROUP
  +--> CALLED SEGMENT                         START    LENGTH
-------------------------------------------------------------
?C_C51STARTUP                                 -----    -----
  +--> ?PR?MAIN?MAIN
  +--> ?C_INITSEG

?PR?MAIN?MAIN                                 05F9H    0004H
  +--> ?PR?READFLASH?RDATAFLASH
  +--> ?PR?_UART_OPEN?UART
  +--> ?PR?_UART_INTERRUPT_ENABLE?UART
  +--> ?PR?GLCD_INIT?GLCD
  +--> ?PR?GLCD_CLEARALL?GLCD
  +--> ?PR?CLEARUART?RGSM_AT
  +--> ?CO?MAIN
  +--> ?PR?_GLCD_IMAGE?GLCD

?PR?READFLASH?RDATAFLASH                      05FDH    0002H
  +--> ?PR?_READ_DATA_BYTE?RDATAFLASH
  +--> ?PR?DEFAULT_SETTINGS?RDATAFLASH

?PR?DEFAULT_SETTINGS?RDATAFLASH               -----    -----
  +--> ?PR?WRITE_FLASH?RDATAFLASH

?PR?WRITE_FLASH?RDATAFLASH                    05FFH    0002H
  +--> ?PR?_PAGE_ERASE?RDATAFLASH
  +--> ?PR?_WRITE_DATA_BYTE?RDATAFLASH

BL51 BANKED LINKER/LOCATER V6.22.4.0                                                  12/21/2023  13:42:48  PAGE 4


?PR?_UART_OPEN?UART                           05FDH    0009H

?PR?GLCD_INIT?GLCD                            -----    -----
  +--> ?PR?_DELAY_1MS?GLCD
  +--> ?PR?_GLCD_COMMAND?GLCD

?PR?_GLCD_COMMAND?GLCD                        -----    -----
  +--> ?PR?_DELAY_1MS?GLCD

?PR?GLCD_CLEARALL?GLCD                        060DH    0002H
  +--> ?PR?_GLCD_COMMAND?GLCD
  +--> ?PR?_GLCD_DATA?GLCD

?PR?_GLCD_IMAGE?GLCD                          060DH    000FH
  +--> ?PR?_GLCD_SETCURSOR?GLCD
  +--> ?PR?_GLCD_DATA?GLCD

?PR?_GLCD_SETCURSOR?GLCD                      -----    -----
  +--> ?PR?_GLCD_COMMAND?GLCD

*** NEW ROOT ***************************************************

?PR?SERIAL_ISR?UART                           060CH    0001H

*** NEW ROOT ***************************************************

?PR?TIMER0_ISR?RTIMER0                        -----    -----
  +--> ?PR?CHAIRANIMATION?GLCD
  +--> ?PR?QRSCREEN?GLCD
  +--> ?PR?LOADINGSCREEN?GLCD

?PR?CHAIRANIMATION?GLCD                       -----    -----
  +--> ?CO?MAIN
  +--> ?PR?_GLCD_IMAGE?GLCD

?PR?QRSCREEN?GLCD                             -----    -----
  +--> ?PR?GLCD_CLEARALL?GLCD
  +--> ?PR?_GLCD_IMAGE?GLCD

?PR?LOADINGSCREEN?GLCD                        -----    -----
  +--> ?PR?GLCD_CLEARALL?GLCD
  +--> ?CO?MAIN
  +--> ?PR?_GLCD_IMAGE?GLCD



SYMBOL TABLE OF MODULE:  .\Objects\GLCD_test_qr (?C_STARTUP)

  VALUE           TYPE          NAME
  ----------------------------------

  -------         MODULE        ?C_STARTUP
  C:2584H         SEGMENT       ?C_C51STARTUP
  I:0023H         SEGMENT       ?STACK
  C:0000H         PUBLIC        ?C_STARTUP
  D:00E0H         SYMBOL        ACC
  D:00F0H         SYMBOL        B
BL51 BANKED LINKER/LOCATER V6.22.4.0                                                  12/21/2023  13:42:48  PAGE 5


  D:0083H         SYMBOL        DPH
  D:0082H         SYMBOL        DPL
  N:0000H         SYMBOL        IBPSTACK
  N:0100H         SYMBOL        IBPSTACKTOP
  N:0080H         SYMBOL        IDATALEN
  C:2587H         SYMBOL        IDATALOOP
  N:0000H         SYMBOL        PBPSTACK
  N:0100H         SYMBOL        PBPSTACKTOP
  N:0000H         SYMBOL        PDATALEN
  N:0000H         SYMBOL        PDATASTART
  N:0000H         SYMBOL        PPAGE
  N:0000H         SYMBOL        PPAGEENABLE
  D:00A0H         SYMBOL        PPAGE_SFR
  D:0081H         SYMBOL        SP
  C:2584H         SYMBOL        STARTUP1
  N:0000H         SYMBOL        XBPSTACK
  N:0000H         SYMBOL        XBPSTACKTOP
  N:0000H         SYMBOL        XDATALEN
  N:0000H         SYMBOL        XDATASTART
  C:0000H         LINE#         126
  C:2584H         LINE#         133
  C:2586H         LINE#         134
  C:2587H         LINE#         135
  C:2588H         LINE#         136
  C:258AH         LINE#         185
  C:258DH         LINE#         196
  -------         ENDMOD        ?C_STARTUP

  -------         MODULE        MAIN
  C:0000H         SYMBOL        _ICE_DUMMY_
  D:00B1H         PUBLIC        P0M1
  D:00B3H         PUBLIC        P1M1
  D:00B2H         PUBLIC        P0M2
  D:0080H         PUBLIC        P0
  D:00B5H         PUBLIC        P2M1
  D:00B4H         PUBLIC        P1M2
  D:0090H         PUBLIC        P1
  D:00C2H         PUBLIC        P3M1
  D:00B6H         PUBLIC        P2M2
  D:00A0H         PUBLIC        P2
  D:00F1H         PUBLIC        P1MF76
  D:00C3H         PUBLIC        P3M2
  D:00B9H         PUBLIC        P4M1
  D:00B0H         PUBLIC        P3
  D:00BDH         PUBLIC        P5M1
  D:00BAH         PUBLIC        P4M2
  D:00D8H         PUBLIC        P4
  D:00BEH         PUBLIC        P5M2
  B:00A8H.7       PUBLIC        EA
  D:00A8H         PUBLIC        IE
  C:076EH         PUBLIC        chair_left
  D:00B8H         PUBLIC        IP
  C:1F34H         PUBLIC        main
  C:0C6EH         PUBLIC        loading_up
  D:0098H         PUBLIC        SCON
  D:0088H         PUBLIC        TCON
  B:00B0H.3       PUBLIC        P33
BL51 BANKED LINKER/LOCATER V6.22.4.0                                                  12/21/2023  13:42:48  PAGE 6


  C:006EH         PUBLIC        img
  D:0091H         PUBLIC        SFRS
  D:00C0H         PUBLIC        I2C0CON
  D:00E8H         PUBLIC        I2C1CON
  C:066EH         PUBLIC        paytmlogo
  D:00F8H         PUBLIC        S1CON
  D:00C8H         PUBLIC        T2CON
  C:0D86H         PUBLIC        loading_side
  C:09EEH         PUBLIC        chair_Right
  C:046EH         PUBLIC        img2
  D:00EBH         PUBLIC        P4MF10
  D:00D0H         PUBLIC        PSW
  -------         PROC          MAIN
  -------         DO            
  X:05F9H         SYMBOL        x
  X:05FAH         SYMBOL        y
  X:05FBH         SYMBOL        page
  X:05FCH         SYMBOL        Data
  -------         ENDDO         
  C:1F34H         LINE#         263
  C:1F34H         LINE#         264
  C:1F34H         LINE#         265
  C:1F3FH         LINE#         266
  C:1F4BH         LINE#         267
  C:1F54H         LINE#         268
  C:1F5DH         LINE#         269
  C:1F66H         LINE#         271
  C:1F6FH         LINE#         272
  C:1F78H         LINE#         273
  C:1F81H         LINE#         274
  C:1F8AH         LINE#         276
  C:1F93H         LINE#         277
  C:1F9CH         LINE#         278
  C:1FA5H         LINE#         281
  C:1FAEH         LINE#         282
  C:1FB7H         LINE#         284
  C:1FC0H         LINE#         286
  C:1FC2H         LINE#         289
  C:1FCBH         LINE#         290
  C:1FD4H         LINE#         291
  C:1FDDH         LINE#         292
  C:1FE6H         LINE#         296
  C:1FEFH         LINE#         297
  C:1FF8H         LINE#         298
  C:2001H         LINE#         299
  C:200AH         LINE#         302
  C:200DH         LINE#         306
  C:2026H         LINE#         307
  C:202DH         LINE#         308
  C:202FH         LINE#         311
  C:2048H         LINE#         316
  C:204BH         LINE#         317
  C:204EH         LINE#         323
  C:204EH         LINE#         324
  C:204EH         LINE#         325
  C:2051H         LINE#         349
  C:2054H         LINE#         350
BL51 BANKED LINKER/LOCATER V6.22.4.0                                                  12/21/2023  13:42:48  PAGE 7


  C:206FH         LINE#         351
  -------         ENDPROC       MAIN
  -------         ENDMOD        MAIN

  -------         MODULE        GLCD
  C:0000H         SYMBOL        _ICE_DUMMY_
  D:0080H         PUBLIC        P0
  C:27BFH         PUBLIC        GLCD_ClearAll
  D:0090H         PUBLIC        P1
  D:00A0H         PUBLIC        P2
  D:00B0H         PUBLIC        P3
  D:00D8H         PUBLIC        P4
  D:00B1H         PUBLIC        P5
  D:00A8H         PUBLIC        IE
  C:2A70H         PUBLIC        ChairAnimation
  C:2AEBH         PUBLIC        GLCD_Init
  D:00B8H         PUBLIC        IP
  C:28B8H         PUBLIC        LoadingScreen
  C:2C0BH         PUBLIC        QrScreen
  C:2B23H         PUBLIC        _GLCD_SetCursor
  D:0098H         PUBLIC        SCON
  B:00B0H.2       PUBLIC        P32
  D:0088H         PUBLIC        TCON
  B:00A0H.4       PUBLIC        P24
  B:00A0H.5       PUBLIC        P25
  C:2C2AH         PUBLIC        _GLCD_Command
  D:0091H         PUBLIC        SFRS
  X:0000H         PUBLIC        QrArray
  D:00C0H         PUBLIC        I2C0CON
  D:00E8H         PUBLIC        I2C1CON
  C:2279H         PUBLIC        _GLCD_Image
  C:2BEBH         PUBLIC        _Delay_1ms
  D:00F8H         PUBLIC        S1CON
  D:00C8H         PUBLIC        T2CON
  X:0400H         PUBLIC        Flags
  C:2AAFH         PUBLIC        _GLCD_Data
  D:00D0H         PUBLIC        PSW
  -------         PROC          _DELAY_1MS
  D:0006H         SYMBOL        mSec
  -------         DO            
  D:0002H         SYMBOL        j
  D:0004H         SYMBOL        t
  -------         ENDDO         
  C:2BEBH         LINE#         19
  C:2BEBH         LINE#         20
  C:2BEBH         LINE#         22
  C:2BF5H         LINE#         23
  C:2BF5H         LINE#         24
  C:2C03H         LINE#         25
  C:2C0AH         LINE#         26
  -------         ENDPROC       _DELAY_1MS
  -------         PROC          _GLCD_COMMAND
  D:0007H         SYMBOL        Command
  C:2C2AH         LINE#         27
  C:2C2AH         LINE#         28
  C:2C2AH         LINE#         29
  C:2C2FH         LINE#         30
BL51 BANKED LINKER/LOCATER V6.22.4.0                                                  12/21/2023  13:42:48  PAGE 8


  C:2C35H         LINE#         31
  C:2C37H         LINE#         33
  C:2C39H         LINE#         34
  C:2C40H         LINE#         35
  C:2C42H         LINE#         36
  -------         ENDPROC       _GLCD_COMMAND
  -------         PROC          _GLCD_DATA
  D:0007H         SYMBOL        Data
  C:2AAFH         LINE#         39
  C:2AAFH         LINE#         40
  C:2AAFH         LINE#         41
  C:2AB4H         LINE#         42
  C:2ABAH         LINE#         43
  C:2ABCH         LINE#         45
  C:2ABEH         LINE#         47
  C:2AC5H         LINE#         48
  C:2ACCH         LINE#         49
  C:2AD3H         LINE#         51
  C:2AD5H         LINE#         52
  C:2ADCH         LINE#         53
  C:2AE3H         LINE#         54
  C:2AEAH         LINE#         57
  -------         ENDPROC       _GLCD_DATA
  -------         PROC          GLCD_INIT
  C:2AEBH         LINE#         59
  C:2AEBH         LINE#         60
  C:2AEBH         LINE#         61
  C:2AF8H         LINE#         62
  C:2B03H         LINE#         63
  C:2B0AH         LINE#         64
  C:2B0FH         LINE#         65
  C:2B14H         LINE#         66
  C:2B19H         LINE#         67
  C:2B1EH         LINE#         68
  -------         ENDPROC       GLCD_INIT
  -------         PROC          GLCD_CLEARALL
  -------         DO            
  X:060DH         SYMBOL        i
  D:0004H         SYMBOL        j
  -------         ENDDO         
  C:27BFH         LINE#         71
  C:27BFH         LINE#         72
  C:27BFH         LINE#         74
  C:27CCH         LINE#         75
  C:27E5H         LINE#         76
  C:27E5H         LINE#         77
  C:27ECH         LINE#         78
  C:27EFH         LINE#         79
  C:27EFH         LINE#         80
  C:27F4H         LINE#         81
  C:27FFH         LINE#         82
  C:280FH         LINE#         83
  C:2814H         LINE#         84
  -------         ENDPROC       GLCD_CLEARALL
  -------         PROC          _GLCD_SETCURSOR
  D:0007H         SYMBOL        x
  D:0001H         SYMBOL        y
BL51 BANKED LINKER/LOCATER V6.22.4.0                                                  12/21/2023  13:42:48  PAGE 9


  D:0003H         SYMBOL        Page
  C:2B23H         LINE#         87
  C:2B25H         LINE#         88
  C:2B25H         LINE#         89
  C:2B43H         LINE#         90
  C:2B4AH         LINE#         91
  -------         ENDPROC       _GLCD_SETCURSOR
  -------         PROC          _GLCD_IMAGE
  X:060DH         SYMBOL        x
  X:060EH         SYMBOL        y
  X:060FH         SYMBOL        StartPage
  X:0610H         SYMBOL        Image
  X:0613H         SYMBOL        ImageX
  X:0614H         SYMBOL        ImageY
  -------         DO            
  X:0615H         SYMBOL        GlcdX
  X:0616H         SYMBOL        GlcdY
  X:0617H         SYMBOL        ImageLenX
  X:0618H         SYMBOL        ImageLenY
  X:0619H         SYMBOL        Lines
  X:061AH         SYMBOL        k
  -------         ENDDO         
  C:2279H         LINE#         94
  C:2284H         LINE#         95
  C:2284H         LINE#         96
  C:2290H         LINE#         97
  C:2295H         LINE#         98
  C:22A3H         LINE#         99
  C:22A8H         LINE#         101
  C:22ABH         LINE#         102
  C:22D4H         LINE#         103
  C:22D4H         LINE#         104
  C:22E1H         LINE#         105
  C:2306H         LINE#         106
  C:2306H         LINE#         107
  C:2331H         LINE#         108
  C:2338H         LINE#         109
  C:2346H         LINE#         110
  C:234EH         LINE#         111
  C:234EH         LINE#         112
  C:2356H         LINE#         113
  C:235FH         LINE#         114
  -------         ENDPROC       _GLCD_IMAGE
  -------         PROC          QRSCREEN
  C:2C0BH         LINE#         116
  C:2C0BH         LINE#         117
  C:2C0BH         LINE#         118
  C:2C0EH         LINE#         119
  -------         ENDPROC       QRSCREEN
  -------         PROC          LOADINGSCREEN
  C:28B8H         LINE#         123
  C:28B8H         LINE#         124
  C:28B8H         LINE#         125
  C:28BBH         LINE#         126
  C:28BBH         LINE#         127
  C:28C2H         LINE#         128
  C:28C2H         LINE#         129
BL51 BANKED LINKER/LOCATER V6.22.4.0                                                  12/21/2023  13:42:48  PAGE 10


  C:28C5H         LINE#         130
  C:28E0H         LINE#         131
  C:28E2H         LINE#         133
  C:28E2H         LINE#         134
  C:28E5H         LINE#         135
  C:2904H         LINE#         136
  C:2904H         LINE#         137
  C:2904H         LINE#         138
  -------         ENDPROC       LOADINGSCREEN
  -------         PROC          CHAIRANIMATION
  C:2A70H         LINE#         140
  C:2A70H         LINE#         141
  C:2A70H         LINE#         142
  C:2A80H         LINE#         143
  C:2A80H         LINE#         144
  C:2A87H         LINE#         145
  C:2A93H         LINE#         147
  C:2AAEH         LINE#         148
  C:2AAEH         LINE#         149
  -------         ENDPROC       CHAIRANIMATION
  -------         ENDMOD        GLCD

  -------         MODULE        UART
  C:0000H         SYMBOL        _ICE_DUMMY_
  D:00DCH         PUBLIC        SC0ETURD1
  D:0080H         PUBLIC        P0
  D:0090H         PUBLIC        P1
  D:00A0H         PUBLIC        P2
  D:00B0H         PUBLIC        P3
  D:00D8H         PUBLIC        P4
  D:009CH         PUBLIC        EIE1
  C:299BH         PUBLIC        _UART_Send_String
  C:2760H         PUBLIC        _UART_Send_Data
  X:04CEH         PUBLIC        GlcdImageCnt
  D:00D6H         PUBLIC        SC0CR0
  D:00E6H         PUBLIC        SC1CR0
  D:00D7H         PUBLIC        SC0CR1
  D:00A8H         PUBLIC        IE
  D:00E7H         PUBLIC        SC1CR1
  D:00B8H         PUBLIC        IP
  B:0098H.0       PUBLIC        RI
  C:2610H         PUBLIC        _UART_Interrupt_Enable
  B:0098H.1       PUBLIC        TI
  X:04D0H         PUBLIC        UartLine
  B:00F8H.0       PUBLIC        RI_1
  B:00F8H.1       PUBLIC        TI_1
  D:0099H         PUBLIC        SBUF
  D:0087H         PUBLIC        PCON
  C:1908H         PUBLIC        _UART_Open
  C:1D4DH         PUBLIC        Serial_ISR
  D:0098H         PUBLIC        SCON
  D:0089H         PUBLIC        TMOD
  D:0088H         PUBLIC        TCON
  X:04D1H         PUBLIC        GlcdUartRec
  X:04D2H         PUBLIC        UartRecFlag
  X:04D3H         PUBLIC        GlcdImgRecArray
  D:0091H         PUBLIC        SFRS
BL51 BANKED LINKER/LOCATER V6.22.4.0                                                  12/21/2023  13:42:48  PAGE 11


  X:04DDH         PUBLIC        UartRecBuff
  D:00DFH         PUBLIC        SC0TSR
  C:2819H         PUBLIC        _UART_Receive_Data
  D:00DFH         PUBLIC        SC1TSR
  C:2BCAH         PUBLIC        UART0_LIRC_Baudrate2400_Open
  X:0541H         PUBLIC        UartRecCount
  D:00C6H         PUBLIC        RH3
  D:008DH         PUBLIC        TH1
  D:00C0H         PUBLIC        I2C0CON
  D:00E8H         PUBLIC        I2C1CON
  D:00C5H         PUBLIC        RL3
  D:00DDH         PUBLIC        SC0IE
  D:00DDH         PUBLIC        SC1IE
  X:0542H         PUBLIC        UartStarRec
  X:0543H         PUBLIC        UartTempRecBuff
  D:00D9H         PUBLIC        SC0DR
  D:00D9H         PUBLIC        SC1DR
  D:009AH         PUBLIC        SBUF1
  D:00F8H         PUBLIC        S1CON
  D:00C8H         PUBLIC        T2CON
  D:00C4H         PUBLIC        T3CON
  D:008EH         PUBLIC        CKCON
  D:00D0H         PUBLIC        PSW
  D:00DBH         PUBLIC        SC0ETURD0
  -------         PROC          SERIAL_ISR
  -------         DO            
  X:060CH         SYMBOL        uart_receive_data
  -------         ENDDO         
  C:1D4DH         LINE#         31
  C:1D6AH         LINE#         33
  C:1D6FH         LINE#         35
  C:1D75H         LINE#         36
  C:1D75H         LINE#         38
  C:1D85H         LINE#         39
  C:1D8BH         LINE#         42
  C:1D9BH         LINE#         43
  C:1D9BH         LINE#         44
  C:1DA3H         LINE#         45
  C:1DA3H         LINE#         46
  C:1DAFH         LINE#         47
  C:1DCCH         LINE#         48
  C:1DD1H         LINE#         49
  C:1DDAH         LINE#         50
  C:1DDFH         LINE#         52
  C:1DE4H         LINE#         53
  C:1DEAH         LINE#         54
  C:1DF8H         LINE#         55
  C:1DFAH         LINE#         56
  C:1E00H         LINE#         57
  C:1E00H         LINE#         58
  C:1E02H         LINE#         59
  C:1E07H         LINE#         60
  C:1E07H         LINE#         61
  C:1E07H         LINE#         64
  C:1E12H         LINE#         65
  C:1E12H         LINE#         66
  C:1E2CH         LINE#         67
BL51 BANKED LINKER/LOCATER V6.22.4.0                                                  12/21/2023  13:42:48  PAGE 12


  C:1E2CH         LINE#         68
  C:1E2FH         LINE#         69
  C:1E2FH         LINE#         70
  C:1E31H         LINE#         71
  C:1E4BH         LINE#         72
  C:1E4BH         LINE#         73
  C:1E60H         LINE#         74
  C:1E66H         LINE#         75
  C:1E66H         LINE#         77
  C:1E6DH         LINE#         78
  C:1E6DH         LINE#         79
  C:1E9BH         LINE#         80
  C:1EA9H         LINE#         81
  C:1EAEH         LINE#         82
  C:1EB2H         LINE#         83
  C:1EB2H         LINE#         84
  C:1EB2H         LINE#         87
  C:1EBCH         LINE#         88
  C:1EBCH         LINE#         89
  C:1EC8H         LINE#         90
  C:1EE5H         LINE#         91
  C:1EEEH         LINE#         92
  C:1EF3H         LINE#         94
  C:1EF8H         LINE#         95
  C:1EFDH         LINE#         96
  C:1F0AH         LINE#         97
  C:1F0AH         LINE#         103
  C:1F10H         LINE#         105
  C:1F10H         LINE#         106
  C:1F13H         LINE#         107
  C:1F13H         LINE#         108
  C:1F19H         LINE#         109
  C:1F19H         LINE#         110
  -------         ENDPROC       SERIAL_ISR
  -------         PROC          _UART_OPEN
  X:05FDH         SYMBOL        u32SysClock
  X:0601H         SYMBOL        u8UARTPort
  X:0602H         SYMBOL        u32Baudrate
  C:1908H         LINE#         130
  C:190EH         LINE#         131
  C:190EH         LINE#         132
  C:193EH         LINE#         133
  C:193EH         LINE#         134
  C:193EH         LINE#         135
  C:193EH         LINE#         136
  C:1941H         LINE#         137
  C:1944H         LINE#         138
  C:1947H         LINE#         139
  C:194CH         LINE#         140
  C:1951H         LINE#         141
  C:1956H         LINE#         142
  C:1982H         LINE#         143
  C:1988H         LINE#         144
  C:1989H         LINE#         145
  C:1989H         LINE#         146
  C:198CH         LINE#         147
  C:198FH         LINE#         148
BL51 BANKED LINKER/LOCATER V6.22.4.0                                                  12/21/2023  13:42:48  PAGE 13


  C:1994H         LINE#         149
  C:1997H         LINE#         150
  C:199CH         LINE#         151
  C:199CH         LINE#         152
  C:199CH         LINE#         153
  C:199CH         LINE#         154
  C:199EH         LINE#         155
  C:199EH         LINE#         156
  C:199EH         LINE#         157
  C:19A1H         LINE#         158
  C:19A4H         LINE#         159
  C:19A7H         LINE#         160
  C:19E3H         LINE#         161
  C:1A12H         LINE#         162
  C:1A17H         LINE#         163
  C:1A18H         LINE#         164
  C:1A18H         LINE#         165
  C:1A1EH         LINE#         166
  C:1A23H         LINE#         167
  C:1A28H         LINE#         168
  C:1A2DH         LINE#         169
  C:1A32H         LINE#         170
  C:1A69H         LINE#         171
  C:1A6CH         LINE#         172
  C:1AADH         LINE#         173
  C:1AB3H         LINE#         174
  C:1AB6H         LINE#         175
  C:1ABBH         LINE#         176
  C:1ABCH         LINE#         177
  C:1ABCH         LINE#         178
  C:1AC2H         LINE#         179
  C:1AC7H         LINE#         180
  C:1ACCH         LINE#         181
  C:1AFAH         LINE#         182
  C:1B33H         LINE#         183
  C:1B39H         LINE#         184
  C:1B3CH         LINE#         185
  C:1B42H         LINE#         186
  C:1B42H         LINE#         187
  C:1B42H         LINE#         188
  -------         ENDPROC       _UART_OPEN
  -------         PROC          _UART_RECEIVE_DATA
  D:0007H         SYMBOL        UARTPort
  -------         DO            
  D:0006H         SYMBOL        c
  -------         ENDDO         
  C:2819H         LINE#         192
  C:2819H         LINE#         193
  C:2819H         LINE#         195
  C:281CH         LINE#         196
  C:282BH         LINE#         197
  C:282BH         LINE#         198
  C:282BH         LINE#         199
  C:282EH         LINE#         200
  C:2830H         LINE#         201
  C:2832H         LINE#         202
  C:2834H         LINE#         203
BL51 BANKED LINKER/LOCATER V6.22.4.0                                                  12/21/2023  13:42:48  PAGE 14


  C:2834H         LINE#         204
  C:2837H         LINE#         205
  C:2839H         LINE#         206
  C:283BH         LINE#         207
  C:283DH         LINE#         208
  C:283DH         LINE#         209
  C:2843H         LINE#         210
  C:2848H         LINE#         211
  C:284AH         LINE#         212
  C:284CH         LINE#         213
  C:284CH         LINE#         214
  C:2852H         LINE#         215
  C:2864H         LINE#         216
  C:2866H         LINE#         217
  C:2866H         LINE#         218
  C:2866H         LINE#         219
  C:2868H         LINE#         220
  -------         ENDPROC       _UART_RECEIVE_DATA
  -------         PROC          _UART_SEND_DATA
  D:0007H         SYMBOL        UARTPort
  D:0005H         SYMBOL        c
  C:2760H         LINE#         224
  C:2760H         LINE#         225
  C:2760H         LINE#         226
  C:2763H         LINE#         227
  C:2772H         LINE#         228
  C:2772H         LINE#         229
  C:2772H         LINE#         230
  C:2775H         LINE#         231
  C:2777H         LINE#         232
  C:2779H         LINE#         233
  C:277CH         LINE#         234
  C:277EH         LINE#         235
  C:277FH         LINE#         236
  C:277FH         LINE#         237
  C:2782H         LINE#         238
  C:2784H         LINE#         239
  C:2786H         LINE#         240
  C:2789H         LINE#         241
  C:278BH         LINE#         242
  C:278CH         LINE#         243
  C:278CH         LINE#         244
  C:2792H         LINE#         245
  C:2794H         LINE#         246
  C:279CH         LINE#         247
  C:27A2H         LINE#         248
  C:27A3H         LINE#         249
  C:27A3H         LINE#         250
  C:27A9H         LINE#         251
  C:27ACH         LINE#         252
  C:27B0H         LINE#         253
  C:27B8H         LINE#         254
  C:27BEH         LINE#         255
  C:27BEH         LINE#         256
  C:27BEH         LINE#         257
  -------         ENDPROC       _UART_SEND_DATA
  -------         PROC          _UART_SEND_STRING
BL51 BANKED LINKER/LOCATER V6.22.4.0                                                  12/21/2023  13:42:48  PAGE 15


  D:0007H         SYMBOL        UARTPort
  D:0001H         SYMBOL        c
  C:299BH         LINE#         260
  C:299BH         LINE#         261
  C:299BH         LINE#         262
  C:29A7H         LINE#         263
  C:29A7H         LINE#         264
  C:29A7H         LINE#         265
  C:29ADH         LINE#         266
  C:29ADH         LINE#         267
  C:29B2H         LINE#         268
  C:29B9H         LINE#         269
  C:29BBH         LINE#         270
  C:29BBH         LINE#         271
  C:29BBH         LINE#         272
  C:29C1H         LINE#         273
  C:29C1H         LINE#         274
  C:29C6H         LINE#         275
  C:29CDH         LINE#         276
  C:29CFH         LINE#         277
  C:29CFH         LINE#         278
  C:29CFH         LINE#         279
  C:29D5H         LINE#         280
  C:29D5H         LINE#         281
  C:29DAH         LINE#         282
  C:29E1H         LINE#         283
  C:29E3H         LINE#         284
  C:29E3H         LINE#         286
  C:29E3H         LINE#         287
  -------         ENDPROC       _UART_SEND_STRING
  -------         PROC          _UART_INTERRUPT_ENABLE
  D:0007H         SYMBOL        u8UARTPort
  D:0005H         SYMBOL        u8UARTINTStatus
  C:2610H         LINE#         297
  C:2610H         LINE#         298
  C:2610H         LINE#         299
  C:261FH         LINE#         300
  C:261FH         LINE#         301
  C:261FH         LINE#         302
  C:2626H         LINE#         303
  C:2626H         LINE#         304
  C:262DH         LINE#         305
  C:2634H         LINE#         306
  C:2634H         LINE#         307
  C:2634H         LINE#         308
  C:2634H         LINE#         309
  C:263BH         LINE#         310
  C:263BH         LINE#         311
  C:2642H         LINE#         312
  C:2649H         LINE#         313
  C:2649H         LINE#         314
  C:2649H         LINE#         315
  C:2649H         LINE#         316
  C:2650H         LINE#         317
  C:2650H         LINE#         318
  C:2656H         LINE#         319
  C:265BH         LINE#         320
BL51 BANKED LINKER/LOCATER V6.22.4.0                                                  12/21/2023  13:42:48  PAGE 16


  C:265CH         LINE#         321
  C:2662H         LINE#         322
  C:2667H         LINE#         323
  C:2668H         LINE#         324
  C:2668H         LINE#         325
  C:2668H         LINE#         326
  C:2668H         LINE#         327
  C:266FH         LINE#         328
  C:266FH         LINE#         329
  C:2675H         LINE#         330
  C:267BH         LINE#         331
  C:267CH         LINE#         332
  C:2682H         LINE#         333
  C:2688H         LINE#         334
  C:2688H         LINE#         335
  C:2688H         LINE#         336
  C:2688H         LINE#         337
  C:2688H         LINE#         338
  -------         ENDPROC       _UART_INTERRUPT_ENABLE
  -------         PROC          UART0_LIRC_BAUDRATE2400_OPEN
  C:2BCAH         LINE#         340
  C:2BCAH         LINE#         341
  C:2BCAH         LINE#         342
  C:2BCDH         LINE#         343
  C:2BD0H         LINE#         344
  C:2BD3H         LINE#         345
  C:2BD8H         LINE#         346
  C:2BDDH         LINE#         347
  C:2BE2H         LINE#         348
  C:2BE5H         LINE#         349
  C:2BEAH         LINE#         351
  -------         ENDPROC       UART0_LIRC_BAUDRATE2400_OPEN
  -------         ENDMOD        UART

  -------         MODULE        RGSM_AT
  C:0000H         SYMBOL        _ICE_DUMMY_
  D:0080H         PUBLIC        P0
  D:0090H         PUBLIC        P1
  D:00A0H         PUBLIC        P2
  D:00B0H         PUBLIC        P3
  D:00D8H         PUBLIC        P4
  C:2B51H         PUBLIC        ClearUart
  X:0401H         PUBLIC        SMSRecFlag
  C:1B43H         PUBLIC        CheckUrc
  D:00A8H         PUBLIC        IE
  C:2260H         PUBLIC        GLCD_IMG_END
  X:0402H         PUBLIC        TimerForChair
  D:00B8H         PUBLIC        IP
  B:0021H.7       PUBLIC        FlagSystemConnected
  C:224EH         PUBLIC        CREG
  X:0404H         PUBLIC        OffTime
  D:0098H         PUBLIC        SCON
  C:226FH         PUBLIC        MQTT_CONNECT
  D:0088H         PUBLIC        TCON
  B:00B0H.3       PUBLIC        P33
  X:0405H         PUBLIC        etxt
  C:2255H         PUBLIC        GLCD_IMG_START
BL51 BANKED LINKER/LOCATER V6.22.4.0                                                  12/21/2023  13:42:48  PAGE 17


  B:0022H.0       PUBLIC        FlagChairWorking
  D:00C0H         PUBLIC        I2C0CON
  D:00E8H         PUBLIC        I2C1CON
  X:04CDH         PUBLIC        PreUartLine
  C:2700H         PUBLIC        _DebugPrintf
  D:00F8H         PUBLIC        S1CON
  D:00C8H         PUBLIC        T2CON
  C:2360H         PUBLIC        _NW_Responce_Handler
  C:2269H         PUBLIC        MCU_TIME
  D:00D0H         PUBLIC        PSW
  -------         PROC          _DEBUGPRINTF
  X:0575H         SYMBOL        fmt
  -------         DO            
  X:0578H         SYMBOL        ellipsis_40
  X:05A0H         SYMBOL        arg_ptr
  -------         ENDDO         
  C:2700H         LINE#         33
  C:270BH         LINE#         35
  C:2719H         LINE#         36
  C:274CH         LINE#         37
  C:2755H         LINE#         38
  -------         ENDPROC       _DEBUGPRINTF
  -------         PROC          _NW_RESPONCE_HANDLER
  X:062FH         SYMBOL        Line
  X:0632H         SYMBOL        UserData
  C:2360H         LINE#         43
  C:236BH         LINE#         44
  C:236BH         LINE#         45
  C:2370H         LINE#         46
  C:23B2H         LINE#         47
  C:23E2H         LINE#         48
  C:2403H         LINE#         49
  C:2434H         LINE#         50
  -------         ENDPROC       _NW_RESPONCE_HANDLER
  -------         PROC          CHECKURC
  C:1B43H         LINE#         53
  C:1B43H         LINE#         54
  C:1B43H         LINE#         55
  C:1B52H         LINE#         56
  C:1B52H         LINE#         57
  C:1B55H         LINE#         59
  C:1B77H         LINE#         92
  C:1B9FH         LINE#         93
  C:1B9FH         LINE#         94
  C:1BA5H         LINE#         95
  C:1BAAH         LINE#         96
  C:1BB0H         LINE#         98
  C:1BBDH         LINE#         99
  C:1BBDH         LINE#         101
  C:1BE5H         LINE#         102
  C:1BE5H         LINE#         103
  C:1BF8H         LINE#         104
  C:1BFCH         LINE#         105
  C:1C00H         LINE#         109
  C:1C03H         LINE#         110
  C:1C06H         LINE#         111
  C:1C15H         LINE#         112
BL51 BANKED LINKER/LOCATER V6.22.4.0                                                  12/21/2023  13:42:48  PAGE 18


  C:1C18H         LINE#         120
  C:1C1FH         LINE#         121
  C:1C2AH         LINE#         122
  C:1C31H         LINE#         123
  C:1C3CH         LINE#         127
  C:1C3CH         LINE#         130
  C:1C64H         LINE#         131
  C:1C64H         LINE#         132
  C:1C66H         LINE#         133
  C:1C69H         LINE#         134
  C:1C6CH         LINE#         136
  C:1C6CH         LINE#         139
  C:1C97H         LINE#         140
  C:1C97H         LINE#         141
  C:1CBCH         LINE#         142
  C:1CEEH         LINE#         143
  C:1D00H         LINE#         144
  C:1D00H         LINE#         146
  C:1D0FH         LINE#         147
  C:1D11H         LINE#         148
  C:1D14H         LINE#         149
  C:1D16H         LINE#         150
  C:1D16H         LINE#         151
  C:1D2EH         LINE#         152
  C:1D2EH         LINE#         154
  C:1D31H         LINE#         155
  C:1D49H         LINE#         156
  C:1D4CH         LINE#         158
  -------         ENDPROC       CHECKURC
  -------         PROC          CLEARUART
  C:2B51H         LINE#         160
  C:2B51H         LINE#         161
  C:2B51H         LINE#         162
  C:2B5AH         LINE#         163
  C:2B5EH         LINE#         164
  C:2B6BH         LINE#         165
  -------         ENDPROC       CLEARUART
  -------         ENDMOD        RGSM_AT

  -------         MODULE        RDATAFLASH
  C:0000H         SYMBOL        _ICE_DUMMY_
  D:0080H         PUBLIC        P0
  C:2C67H         PUBLIC        Default_Settings
  D:0090H         PUBLIC        P1
  D:00A0H         PUBLIC        P2
  D:00B0H         PUBLIC        P3
  D:00D8H         PUBLIC        P4
  B:00A8H.7       PUBLIC        EA
  D:00A8H         PUBLIC        IE
  X:063DH         PUBLIC        ResetCount
  D:00C7H         PUBLIC        TA
  D:00B8H         PUBLIC        IP
  B:0022H.1       PUBLIC        BIT_TMP
  D:0098H         PUBLIC        SCON
  D:0088H         PUBLIC        TCON
  D:009FH         PUBLIC        CHPCON
  D:0091H         PUBLIC        SFRS
BL51 BANKED LINKER/LOCATER V6.22.4.0                                                  12/21/2023  13:42:48  PAGE 19


  C:2869H         PUBLIC        _WriteFlashQr
  D:00A5H         PUBLIC        IAPUEN
  D:00A4H         PUBLIC        IAPTRG
  D:00C0H         PUBLIC        I2C0CON
  C:0003H         PUBLIC        _Read_Data_Byte
  D:00E8H         PUBLIC        I2C1CON
  C:2905H         PUBLIC        _Page_Erase
  C:2C59H         PUBLIC        _ConvertToUINT16
  C:2A2AH         PUBLIC        Write_Flash
  C:2689H         PUBLIC        _Write_Data_Byte
  D:00A7H         PUBLIC        IAPAH
  D:00F8H         PUBLIC        S1CON
  D:00AEH         PUBLIC        IAPFD
  D:00C8H         PUBLIC        T2CON
  D:00A6H         PUBLIC        IAPAL
  D:00AFH         PUBLIC        IAPCN
  C:24F4H         PUBLIC        ReadFlash
  D:00D0H         PUBLIC        PSW
  -------         PROC          _PAGE_ERASE
  D:0006H         SYMBOL        Add
  C:2905H         LINE#         9
  C:2905H         LINE#         10
  C:2905H         LINE#         11
  C:2907H         LINE#         12
  C:290AH         LINE#         13
  C:290DH         LINE#         14
  C:2923H         LINE#         15
  C:2938H         LINE#         16
  C:293BH         LINE#         17
  C:2950H         LINE#         18
  -------         ENDPROC       _PAGE_ERASE
  -------         PROC          _WRITE_DATA_BYTE
  D:0006H         SYMBOL        Add
  D:0005H         SYMBOL        Data
  C:2689H         LINE#         20
  C:2689H         LINE#         21
  C:2689H         LINE#         22
  C:268BH         LINE#         23
  C:268EH         LINE#         24
  C:26A4H         LINE#         25
  C:26B9H         LINE#         26
  C:26BCH         LINE#         27
  C:26C0H         LINE#         28
  C:26D5H         LINE#         29
  C:26EAH         LINE#         30
  C:26FFH         LINE#         31
  -------         ENDPROC       _WRITE_DATA_BYTE
  -------         PROC          _READ_DATA_BYTE
  D:0082H         SYMBOL        Add
  -------         DO            
  D:0007H         SYMBOL        rdata
  -------         ENDDO         
  C:0003H         LINE#         35
  C:0007H         LINE#         36
  C:0007H         LINE#         38
  C:000AH         LINE#         39
  C:000AH         LINE#         40
BL51 BANKED LINKER/LOCATER V6.22.4.0                                                  12/21/2023  13:42:48  PAGE 20


  -------         ENDPROC       _READ_DATA_BYTE
  -------         PROC          WRITE_FLASH
  -------         DO            
  X:05FFH         SYMBOL        TempVar
  -------         ENDDO         
  C:2A2AH         LINE#         42
  C:2A2AH         LINE#         43
  C:2A2AH         LINE#         45
  C:2A31H         LINE#         46
  C:2A33H         LINE#         47
  C:2A3AH         LINE#         48
  C:2A3FH         LINE#         49
  C:2A55H         LINE#         50
  C:2A6DH         LINE#         52
  C:2A6FH         LINE#         53
  -------         ENDPROC       WRITE_FLASH
  -------         PROC          _WRITEFLASHQR
  X:063BH         SYMBOL        Length
  -------         DO            
  D:0002H         SYMBOL        k
  -------         ENDDO         
  C:2869H         LINE#         55
  C:2871H         LINE#         56
  C:2871H         LINE#         57
  C:2874H         LINE#         58
  C:287BH         LINE#         59
  C:2889H         LINE#         60
  C:2889H         LINE#         61
  C:288EH         LINE#         62
  C:288EH         LINE#         63
  C:2899H         LINE#         64
  C:2899H         LINE#         65
  C:28B0H         LINE#         66
  C:28B7H         LINE#         67
  -------         ENDPROC       _WRITEFLASHQR
  -------         PROC          READFLASH
  -------         DO            
  X:05FDH         SYMBOL        TmpCnt
  -------         ENDDO         
  C:24F4H         LINE#         69
  C:24F4H         LINE#         70
  C:24F4H         LINE#         71
  C:24FBH         LINE#         72
  C:2507H         LINE#         73
  C:250BH         LINE#         74
  C:250EH         LINE#         76
  C:2531H         LINE#         77
  C:2539H         LINE#         78
  C:2539H         LINE#         79
  C:2556H         LINE#         80
  C:2556H         LINE#         81
  C:2573H         LINE#         82
  C:2583H         LINE#         83
  C:2583H         LINE#         85
  -------         ENDPROC       READFLASH
  -------         PROC          _CONVERTTOUINT16
  D:0007H         SYMBOL        Tenth
BL51 BANKED LINKER/LOCATER V6.22.4.0                                                  12/21/2023  13:42:48  PAGE 21


  D:0005H         SYMBOL        Unit
  C:2C59H         LINE#         87
  C:2C59H         LINE#         88
  C:2C59H         LINE#         89
  C:2C66H         LINE#         90
  -------         ENDPROC       _CONVERTTOUINT16
  -------         PROC          DEFAULT_SETTINGS
  C:2C67H         LINE#         92
  C:2C67H         LINE#         93
  C:2C67H         LINE#         94
  C:2C6EH         LINE#         95
  -------         ENDPROC       DEFAULT_SETTINGS
  -------         ENDMOD        RDATAFLASH

  -------         MODULE        RTIMER0
  C:0000H         SYMBOL        _ICE_DUMMY_
  D:0080H         PUBLIC        P0
  D:0090H         PUBLIC        P1
  D:00A0H         PUBLIC        P2
  D:00B0H         PUBLIC        P3
  C:2071H         PUBLIC        Timer0_ISR
  D:00D8H         PUBLIC        P4
  D:00A8H         PUBLIC        IE
  D:00B8H         PUBLIC        IP
  C:2B7AH         PUBLIC        _Timer0_Init
  D:0098H         PUBLIC        SCON
  D:0089H         PUBLIC        TMOD
  D:0088H         PUBLIC        TCON
  B:00B0H.3       PUBLIC        P33
  D:0091H         PUBLIC        SFRS
  B:0088H.5       PUBLIC        TF0
  D:008CH         PUBLIC        TH0
  D:00C0H         PUBLIC        I2C0CON
  D:008AH         PUBLIC        TL0
  D:00E8H         PUBLIC        I2C1CON
  X:062AH         PUBLIC        LoadingTime
  X:062BH         PUBLIC        Timer0Loadvalue
  X:062DH         PUBLIC        Timer1Loadvalue
  D:00F8H         PUBLIC        S1CON
  D:00C8H         PUBLIC        T2CON
  D:00D0H         PUBLIC        PSW
  -------         PROC          TIMER0_ISR
  -------         DO            
  X:0628H         SYMBOL        Timer0Count
  -------         ENDDO         
  C:2071H         LINE#         14
  C:208EH         LINE#         17
  C:209CH         LINE#         19
  C:20B8H         LINE#         20
  C:20B8H         LINE#         21
  C:20BBH         LINE#         22
  C:20BEH         LINE#         23
  C:20C4H         LINE#         24
  C:20C4H         LINE#         25
  C:20C6H         LINE#         26
  C:20CEH         LINE#         27
  C:20D0H         LINE#         28
BL51 BANKED LINKER/LOCATER V6.22.4.0                                                  12/21/2023  13:42:48  PAGE 22


  C:20D0H         LINE#         29
  C:20D0H         LINE#         31
  C:20F2H         LINE#         32
  C:20F2H         LINE#         33
  C:20FEH         LINE#         34
  C:2101H         LINE#         35
  C:210BH         LINE#         36
  C:210BH         LINE#         37
  C:210DH         LINE#         38
  C:2110H         LINE#         39
  C:2115H         LINE#         41
  C:2115H         LINE#         43
  C:211BH         LINE#         44
  C:211BH         LINE#         45
  C:211BH         LINE#         46
  C:211BH         LINE#         47
  C:212EH         LINE#         48
  C:212EH         LINE#         49
  C:2132H         LINE#         50
  C:2135H         LINE#         51
  C:2135H         LINE#         53
  C:214CH         LINE#         54
  C:2153H         LINE#         56
  C:2163H         LINE#         57
  C:2169H         LINE#         58
  -------         ENDPROC       TIMER0_ISR
  -------         PROC          _TIMER0_INIT
  D:0007H         SYMBOL        Msec
  C:2B7AH         LINE#         69
  C:2B7AH         LINE#         70
  C:2B7AH         LINE#         71
  C:2B7DH         LINE#         72
  C:2B95H         LINE#         73
  C:2BA2H         LINE#         74
  -------         ENDPROC       _TIMER0_INIT
  -------         ENDMOD        RTIMER0

  -------         MODULE        ?C?CLDPTR
  C:0E9EH         PUBLIC        ?C?CLDPTR
  -------         ENDMOD        ?C?CLDPTR

  -------         MODULE        ?C?CLDOPTR
  C:0EB7H         PUBLIC        ?C?CLDOPTR
  -------         ENDMOD        ?C?CLDOPTR

  -------         MODULE        ?C?IMUL
  C:0EE4H         PUBLIC        ?C?IMUL
  -------         ENDMOD        ?C?IMUL

  -------         MODULE        ?C?UIDIV
  C:0EF6H         PUBLIC        ?C?UIDIV
  -------         ENDMOD        ?C?UIDIV

  -------         MODULE        ?C?ULDIV
  C:0F87H         PUBLIC        ?C?ULDIV
  -------         ENDMOD        ?C?ULDIV

BL51 BANKED LINKER/LOCATER V6.22.4.0                                                  12/21/2023  13:42:48  PAGE 23


  -------         MODULE        ?C?SLCMP
  C:1019H         PUBLIC        ?C?SLCMP
  -------         ENDMOD        ?C?SLCMP

  -------         MODULE        ?C?ULSHR
  C:102FH         PUBLIC        ?C?ULSHR
  -------         ENDMOD        ?C?ULSHR

  -------         MODULE        ?C?LSTXDATA
  C:1042H         PUBLIC        ?C?LSTXDATA
  -------         ENDMOD        ?C?LSTXDATA

  -------         MODULE        ?C?LSTKXDATA
  C:104EH         PUBLIC        ?C?LSTKXDATA
  -------         ENDMOD        ?C?LSTKXDATA

  -------         MODULE        SCANF
  X:05A3H         PUBLIC        ?_SCANF517?BYTE
  X:05A3H         PUBLIC        ?_SCANF?BYTE
  X:05A3H         PUBLIC        ?_SSCANF517?BYTE
  X:05A3H         PUBLIC        ?_SSCANF?BYTE
  C:1673H         PUBLIC        _SCANF
  C:1673H         PUBLIC        _SCANF517
  C:166FH         PUBLIC        _SSCANF
  C:166FH         PUBLIC        _SSCANF517
  -------         ENDMOD        SCANF

  -------         MODULE        ?C?STRCPY
  C:114BH         PUBLIC        ?C?STRCPY
  -------         ENDMOD        ?C?STRCPY

  -------         MODULE        STRSTR
  X:061CH         PUBLIC        ?_strstr?BYTE
  C:2435H         PUBLIC        _strstr
  -------         ENDMOD        STRSTR

  -------         MODULE        ?C?MEMSET
  C:1168H         PUBLIC        ?C?MEMSET
  -------         ENDMOD        ?C?MEMSET

  -------         MODULE        VSPRINTF
  X:0632H         PUBLIC        ?_VSPRINTF?BYTE
  C:2951H         PUBLIC        _VSPRINTF
  -------         ENDMOD        VSPRINTF

  -------         MODULE        ?C?CSTPTR
  C:1194H         PUBLIC        ?C?CSTPTR
  -------         ENDMOD        ?C?CSTPTR

  -------         MODULE        ?C?IILDX
  C:11A6H         PUBLIC        ?C?IILDX
  -------         ENDMOD        ?C?IILDX

  -------         MODULE        ?C?ISTPTR
  C:11BCH         PUBLIC        ?C?ISTPTR
  -------         ENDMOD        ?C?ISTPTR

BL51 BANKED LINKER/LOCATER V6.22.4.0                                                  12/21/2023  13:42:48  PAGE 24


  -------         MODULE        ?C?LNEG
  C:11DBH         PUBLIC        ?C?LNEG
  -------         ENDMOD        ?C?LNEG

  -------         MODULE        ?C?LSTPTR
  C:11E9H         PUBLIC        ?C?LSTPTR
  -------         ENDMOD        ?C?LSTPTR

  -------         MODULE        ?C?PLDXDATA
  C:1203H         PUBLIC        ?C?PLDXDATA
  -------         ENDMOD        ?C?PLDXDATA

  -------         MODULE        ?C?PLDIXDATA
  C:120CH         PUBLIC        ?C?PLDIXDATA
  -------         ENDMOD        ?C?PLDIXDATA

  -------         MODULE        ?C?PILDXDATA
  C:1223H         PUBLIC        ?C?PILDXDATA
  -------         ENDMOD        ?C?PILDXDATA

  -------         MODULE        ?C?PSTXDATA
  C:123AH         PUBLIC        ?C?PSTXDATA
  -------         ENDMOD        ?C?PSTXDATA

  -------         MODULE        ?C?CCASE
  C:1243H         PUBLIC        ?C?CCASE
  -------         ENDMOD        ?C?CCASE

  -------         MODULE        PRINTF
  X:05D1H         PUBLIC        ?_PRINTF517?BYTE
  X:05D1H         PUBLIC        ?_PRINTF?BYTE
  X:05D1H         PUBLIC        ?_SPRINTF517?BYTE
  X:05D1H         PUBLIC        ?_SPRINTF?BYTE
  C:12ECH         PUBLIC        _PRINTF
  C:12ECH         PUBLIC        _PRINTF517
  C:12E6H         PUBLIC        _SPRINTF
  C:12E6H         PUBLIC        _SPRINTF517
  -------         ENDMOD        PRINTF

  -------         MODULE        GETCHAR
  B:0022H.2       PUBLIC        ?C?CHARLOADED
  X:063EH         PUBLIC        ?_UNGETCHAR?BYTE
  C:000EH         PUBLIC        GETCHAR
  -------         ENDMOD        GETCHAR

  -------         MODULE        UNGETC
  C:2C7BH         PUBLIC        _UNGETCHAR
  -------         ENDMOD        UNGETC

  -------         MODULE        ISSPACE
  C:2C45H         PUBLIC        _isspace
  -------         ENDMOD        ISSPACE

  -------         MODULE        ?C?LSTIDATA
  C:1269H         PUBLIC        ?C?LSTIDATA
  -------         ENDMOD        ?C?LSTIDATA

BL51 BANKED LINKER/LOCATER V6.22.4.0                                                  12/21/2023  13:42:48  PAGE 25


  -------         MODULE        ?C?LSTPDATA
  C:1275H         PUBLIC        ?C?LSTPDATA
  -------         ENDMOD        ?C?LSTPDATA

  -------         MODULE        PUTCHAR
  C:2BA3H         PUBLIC        _PUTCHAR
  -------         ENDMOD        PUTCHAR

  -------         MODULE        _GETKEY
  C:2C71H         PUBLIC        _GETKEY
  -------         ENDMOD        _GETKEY

*** WARNING L16: UNCALLED SEGMENT, IGNORED FOR OVERLAY PROCESS
    SEGMENT: ?PR?_UART_RECEIVE_DATA?UART

*** WARNING L16: UNCALLED SEGMENT, IGNORED FOR OVERLAY PROCESS
    SEGMENT: ?PR?UART0_LIRC_BAUDRATE2400_OPEN?UART

*** WARNING L16: UNCALLED SEGMENT, IGNORED FOR OVERLAY PROCESS
    SEGMENT: ?PR?_NW_RESPONCE_HANDLER?RGSM_AT

*** WARNING L16: UNCALLED SEGMENT, IGNORED FOR OVERLAY PROCESS
    SEGMENT: ?PR?CHECKURC?RGSM_AT

*** WARNING L16: UNCALLED SEGMENT, IGNORED FOR OVERLAY PROCESS
    SEGMENT: ?PR?_CONVERTTOUINT16?RDATAFLASH

*** WARNING L16: UNCALLED SEGMENT, IGNORED FOR OVERLAY PROCESS
    SEGMENT: ?PR?_TIMER0_INIT?RTIMER0

*** WARNING L15: MULTIPLE CALL TO SEGMENT
    SEGMENT: ?PR?_GLCD_IMAGE?GLCD
    CALLER1: ?C_C51STARTUP
    CALLER2: ?PR?TIMER0_ISR?RTIMER0

*** WARNING L15: MULTIPLE CALL TO SEGMENT
    SEGMENT: ?PR?GLCD_CLEARALL?GLCD
    CALLER1: ?C_C51STARTUP
    CALLER2: ?PR?TIMER0_ISR?RTIMER0

Program Size: data=21.3 xdata=1599 code=11394
LINK/LOCATE RUN COMPLETE.  8 WARNING(S),  0 ERROR(S)
